2026-08-16 14:10:07.020 [info] Reading sessions from keychain...
2026-08-16 14:10:07.020 [info] Got stored sessions!
2026-08-16 14:10:07.020 [info] Got 6 verified sessions.
2026-08-16 14:10:07.020 [info] Getting sessions for all scopes...
2026-08-16 14:10:07.020 [info] Got 6 sessions for ...
2026-08-16 14:10:07.020 [info] Getting sessions for all scopes...
2026-08-16 14:10:07.020 [info] Got 6 sessions for ...
2026-08-16 14:10:07.020 [info] Getting sessions for all scopes...
2026-08-16 14:10:07.020 [info] Got 6 sessions for ...
2026-08-16 14:10:07.020 [info] Getting sessions for all scopes...
2026-08-16 14:10:07.020 [info] Got 6 sessions for ...
2026-08-16 14:10:07.020 [info] Getting sessions for user:email...
2026-08-16 14:10:07.020 [info] Got 1 sessions for user:email...
2026-08-16 14:10:07.020 [info] Getting sessions for read:user,user:email...
2026-08-16 14:10:07.020 [info] Got 0 sessions for read:user,user:email...
2026-08-16 14:10:07.020 [info] Getting sessions for read:user,user:email...
2026-08-16 14:10:07.020 [info] Got 0 sessions for read:user,user:email...
2026-08-16 14:10:07.020 [info] Getting sessions for read:user,user:email...
2026-08-16 14:10:07.020 [info] Got 0 sessions for read:user,user:email...
2026-08-16 14:10:07.020 [info] Getting sessions for read:user,user:email...
2026-08-16 14:10:07.020 [info] Got 0 sessions for read:user,user:email...
2026-08-16 14:10:07.020 [info] Getting sessions for read:user,user:email...
2026-08-16 14:10:07.020 [info] Got 0 sessions for read:user,user:email...
2026-08-16 14:10:07.020 [info] Getting sessions for read:user,user:email...
2026-08-16 14:10:07.020 [info] Got 0 sessions for read:user,user:email...
2026-08-16 14:10:07.020 [info] Getting sessions for read:user,user:email...
2026-08-16 14:10:07.020 [info] Got 0 sessions for read:user,user:email...
2026-08-16 14:10:07.020 [info] Getting sessions for read:user,user:email...
2026-08-16 14:10:07.020 [info] Got 0 sessions for read:user,user:email...
2026-08-16 14:10:07.020 [info] Getting sessions for read:user,user:email...
2026-08-16 14:10:07.020 [info] Got 0 sessions for read:user,user:email...
2026-08-16 14:10:07.020 [info] Getting sessions for read:user,user:email...
2026-08-16 14:10:07.020 [info] Got 0 sessions for read:user,user:email...
2026-08-16 14:10:07.020 [info] Getting sessions for read:user,user:email...
2026-08-16 14:10:07.020 [info] Got 0 sessions for read:user,user:email...
2026-08-16 14:10:07.020 [info] Getting sessions for read:user,user:email...
2026-08-16 14:10:07.020 [info] Got 0 sessions for read:user,user:email...
2026-08-16 14:10:07.020 [info] Getting sessions for read:user,user:email...
2026-08-16 14:10:07.020 [info] Got 0 sessions for read:user,user:email...
2026-08-16 14:10:07.020 [info] Getting sessions for read:user,user:email...
2026-08-16 14:10:07.020 [info] Got 0 sessions for read:user,user:email...
2026-08-16 14:10:07.459 [info] Getting sessions for codespace,read:user,repo,user:email...
2026-08-16 14:10:07.459 [info] Got 1 sessions for codespace,read:user,repo,user:email...
2026-08-16 14:10:07.459 [info] Getting sessions for all scopes...
2026-08-16 14:10:07.459 [info] Got 6 sessions for ...
2026-08-16 14:10:07.561 [info] Getting sessions for all scopes...
2026-08-16 14:10:07.562 [info] Got 6 sessions for ...
2026-08-16 14:10:07.583 [info] Getting sessions for all scopes...
2026-08-16 14:10:07.584 [info] Got 6 sessions for ...
2026-08-16 14:10:07.601 [info] Getting sessions for all scopes...
2026-08-16 14:10:07.601 [info] Got 6 sessions for ...
2026-08-16 14:10:07.601 [info] Getting sessions for all scopes...
2026-08-16 14:10:07.601 [info] Got 6 sessions for ...
2026-08-16 14:10:07.601 [info] Getting sessions for all scopes...
2026-08-16 14:10:07.601 [info] Got 6 sessions for ...
2026-08-16 14:10:07.601 [info] Getting sessions for all scopes...
2026-08-16 14:10:07.601 [info] Got 6 sessions for ...
2026-08-16 14:10:07.601 [info] Getting sessions for all scopes...
2026-08-16 14:10:07.601 [info] Got 6 sessions for ...
2026-08-16 14:10:07.601 [info] Getting sessions for all scopes...
2026-08-16 14:10:07.601 [info] Got 6 sessions for ...
2026-08-16 14:10:07.601 [info] Getting sessions for all scopes...
2026-08-16 14:10:07.601 [info] Got 6 sessions for ...
2026-08-16 14:10:07.601 [info] Getting sessions for all scopes...
2026-08-16 14:10:07.601 [info] Got 6 sessions for ...
2026-08-16 14:10:07.601 [info] Getting sessions for all scopes...
2026-08-16 14:10:07.601 [info] Got 6 sessions for ...
2026-08-16 14:10:07.601 [info] Getting sessions for all scopes...
2026-08-16 14:10:07.601 [info] Got 6 sessions for ...
2026-08-16 14:10:07.601 [info] Getting sessions for all scopes...
2026-08-16 14:10:07.601 [info] Got 6 sessions for ...
2026-08-16 14:10:07.601 [info] Getting sessions for all scopes...
2026-08-16 14:10:07.601 [info] Got 6 sessions for ...
2026-08-16 14:10:07.601 [info] Getting sessions for all scopes...
2026-08-16 14:10:07.601 [info] Got 6 sessions for ...
2026-08-16 14:10:12.868 [info] Getting sessions for all scopes...
2026-08-16 14:10:12.868 [info] Got 6 sessions for ...
2026-08-16 14:10:13.368 [info] Getting sessions for all scopes...
2026-08-16 14:10:13.368 [info] Got 6 sessions for ...
2026-08-16 14:10:13.663 [info] Getting sessions for project,read:org,read:user,repo,user:email,workflow...
2026-08-16 14:10:13.663 [info] Got 0 sessions for project,read:org,read:user,repo,user:email,workflow...
2026-08-16 14:10:15.014 [info] FetcherService: Node fetch failed with status: 429 Too Many Requests
2026-08-16 14:10:15.017 [info] Unable to resolve optional EDU details. Status: 429 Too Many Requests
2026-08-16 14:10:15.500 [info] Getting sessions for all scopes...
2026-08-16 14:10:15.500 [info] Got 6 sessions for ...
2026-08-16 14:10:16.538 [info] Getting sessions for repo...
2026-08-16 14:10:16.538 [info] Got 0 sessions for repo...
2026-08-16 14:10:16.538 [info] Getting sessions for repo...
2026-08-16 14:10:16.538 [info] Got 0 sessions for repo...
2026-08-16 14:10:16.538 [info] Getting sessions for repo...
2026-08-16 14:10:16.538 [info] Got 0 sessions for repo...
2026-08-16 14:10:16.538 [info] Getting sessions for repo...
2026-08-16 14:10:16.538 [info] Got 0 sessions for repo...
2026-08-16 14:10:16.538 [info] Getting sessions for repo...
2026-08-16 14:10:16.538 [info] Got 0 sessions for repo...
2026-08-16 14:10:16.538 [info] Getting sessions for repo...
2026-08-16 14:10:16.538 [info] Got 0 sessions for repo...
2026-08-16 14:10:16.538 [info] Getting sessions for repo...
2026-08-16 14:10:16.538 [info] Got 0 sessions for repo...
2026-08-16 14:10:16.538 [info] Getting sessions for repo...
2026-08-16 14:10:16.538 [info] Got 0 sessions for repo...
2026-08-16 14:10:16.538 [info] Getting sessions for repo...
2026-08-16 14:10:16.538 [info] Got 0 sessions for repo...
2026-08-16 14:10:16.538 [info] Getting sessions for repo...
2026-08-16 14:10:16.538 [info] Got 0 sessions for repo...
2026-08-16 14:10:16.538 [info] Getting sessions for repo...
2026-08-16 14:10:16.538 [info] Got 0 sessions for repo...
2026-08-16 14:10:16.539 [info] Getting sessions for repo...
2026-08-16 14:10:16.539 [info] Got 0 sessions for repo...
2026-08-16 14:10:16.539 [info] Getting sessions for repo...
2026-08-16 14:10:16.539 [info] Got 0 sessions for repo...
2026-08-16 14:10:16.539 [info] Getting sessions for repo...
2026-08-16 14:10:16.539 [info] Got 0 sessions for repo...
2026-08-16 14:10:16.539 [info] Getting sessions for read:user,user:email...
2026-08-16 14:10:16.539 [info] Got 0 sessions for read:user,user:email...
2026-08-16 14:10:16.539 [info] Getting sessions for all scopes...
2026-08-16 14:10:16.539 [info] Got 6 sessions for ...
2026-08-16 14:10:18.287 [info] Getting sessions for read:user,repo,user:email,workflow...
2026-08-16 14:10:18.287 [info] Got 1 sessions for read:user,repo,user:email,workflow...
2026-08-16 14:10:18.287 [info] Getting sessions for all scopes...
2026-08-16 14:10:18.287 [info] Got 6 sessions for ...
2026-08-16 14:10:18.287 [info] Getting sessions for all scopes...
2026-08-16 14:10:18.287 [info] Got 6 sessions for ...
2026-08-16 14:10:18.287 [info] Getting sessions for all scopes...
2026-08-16 14:10:18.287 [info] Got 6 sessions for ...
2026-08-16 14:10:18.287 [info] Getting sessions for all scopes...
2026-08-16 14:10:18.287 [info] Got 6 sessions for ...
2026-08-16 14:10:18.287 [info] Getting sessions for all scopes...
2026-08-16 14:10:18.287 [info] Got 6 sessions for ...
2026-08-16 14:10:18.287 [info] Getting sessions for all scopes...
2026-08-16 14:10:18.287 [info] Got 6 sessions for ...
2026-08-16 14:10:18.287 [info] Getting sessions for all scopes...
2026-08-16 14:10:18.287 [info] Got 6 sessions for ...
2026-08-16 14:10:18.287 [info] Getting sessions for all scopes...
2026-08-16 14:10:18.287 [info] Got 6 sessions for ...
2026-08-16 14:10:18.287 [info] Getting sessions for all scopes...
2026-08-16 14:10:18.288 [info] Got 6 sessions for ...
2026-08-16 14:10:18.288 [info] Getting sessions for all scopes...
2026-08-16 14:10:18.288 [info] Got 6 sessions for ...
2026-08-16 14:10:18.288 [info] Getting sessions for all scopes...
2026-08-16 14:10:18.288 [info] Got 6 sessions for ...
2026-08-16 14:10:18.288 [info] Getting sessions for all scopes...
2026-08-16 14:10:18.288 [info] Got 6 sessions for ...
2026-08-16 14:10:18.288 [info] Getting sessions for all scopes...
2026-08-16 14:10:18.288 [info] Got 6 sessions for ...
2026-08-16 14:10:18.289 [info] Getting sessions for all scopes...
2026-08-16 14:10:18.289 [info] Got 6 sessions for ...
2026-08-16 14:10:18.289 [info] Getting sessions for all scopes...
2026-08-16 14:10:18.289 [info] Got 6 sessions for ...
2026-08-16 14:10:18.289 [info] Getting sessions for all scopes...
2026-08-16 14:10:18.289 [info] Got 6 sessions for ...
2026-08-16 14:10:18.328 [info] Getting sessions for read:user,repo,user:email,workflow...
2026-08-16 14:10:18.328 [info] Got 1 sessions for read:user,repo,user:email,workflow...
2026-08-16 14:10:19.295 [info] Getting sessions for repo...
2026-08-16 14:10:19.296 [info] Got 0 sessions for repo...
2026-08-16 14:10:20.472 [info] Getting sessions for all scopes...
2026-08-16 14:10:20.472 [info] Got 6 sessions for ...
2026-08-16 14:10:59.823 [info] Getting sessions for all scopes...
2026-08-16 14:10:59.823 [info] Got 6 sessions for ...
2026-08-16 14:11:01.796 [info] Getting sessions for all scopes...
2026-08-16 14:11:01.796 [info] Got 6 sessions for ...
2026-08-16 14:11:04.719 [info] Getting sessions for all scopes...
2026-08-16 14:11:04.719 [info] Got 6 sessions for ...
2026-08-16 14:11:04.724 [info] Getting sessions for all scopes...
2026-08-16 14:11:04.733 [info] Got 6 sessions for ...
2026-08-16 14:11:06.356 [info] Getting sessions for all scopes...
2026-08-16 14:11:06.358 [info] Got 6 sessions for ...
2026-08-16 14:11:08.100 [info] Getting sessions for read:user,repo,user:email,workflow...
2026-08-16 14:11:08.100 [info] Got 1 sessions for read:user,repo,user:email,workflow...
2026-08-16 14:11:13.040 [info] Getting sessions for user:email...
2026-08-16 14:11:13.040 [info] Got 1 sessions for user:email...
2026-08-16 14:11:15.956 [info] Getting sessions for all scopes...
2026-08-16 14:11:15.956 [info] Got 6 sessions for ...
2026-08-16 14:11:15.960 [info] Getting sessions for all scopes...
2026-08-16 14:11:15.960 [info] Got 6 sessions for ...
2026-08-16 14:11:15.960 [info] Getting sessions for read:user,user:email...
2026-08-16 14:11:15.960 [info] Got 0 sessions for read:user,user:email...
2026-08-16 14:11:16.815 [info] Getting sessions for all scopes...
2026-08-16 14:11:16.841 [info] Got 6 sessions for ...
2026-08-16 14:11:17.117 [info] Getting sessions for read:user,user:email...
2026-08-16 14:11:17.117 [info] Got 0 sessions for read:user,user:email...
2026-08-16 14:11:17.117 [info] Getting sessions for read:user,user:email...
2026-08-16 14:11:17.117 [info] Got 0 sessions for read:user,user:email...
2026-08-16 14:11:17.117 [info] Getting sessions for all scopes...
2026-08-16 14:11:17.117 [info] Got 6 sessions for ...
2026-08-16 14:11:18.099 [info] Getting sessions for repo...
2026-08-16 14:11:18.100 [info] Got 0 sessions for repo...
2026-08-16 14:11:18.119 [info] Getting sessions for all scopes...
2026-08-16 14:11:18.121 [info] Got 6 sessions for ...
2026-08-16 14:11:18.122 [info] Getting sessions for all scopes...
2026-08-16 14:11:18.122 [info] Got 6 sessions for ...
2026-08-16 14:11:18.123 [info] Getting sessions for all scopes...
2026-08-16 14:11:18.123 [info] Got 6 sessions for ...
2026-08-16 14:11:18.433 [info] Getting sessions for read:user,repo,user:email,workflow...
2026-08-16 14:11:18.433 [info] Got 1 sessions for read:user,repo,user:email,workflow...
2026-08-16 14:11:18.528 [info] Getting sessions for all scopes...
2026-08-16 14:11:18.528 [info] Got 6 sessions for ...
2026-08-16 14:11:19.321 [info] Getting sessions for repo...
2026-08-16 14:11:19.321 [info] Got 0 sessions for repo...
2026-08-16 14:11:19.322 [info] Getting sessions for repo...
2026-08-16 14:11:19.323 [info] Got 0 sessions for repo...
2026-08-16 14:11:19.939 [info] Getting sessions for all scopes...
2026-08-16 14:11:19.940 [info] Got 6 sessions for ...
2026-08-16 14:11:19.946 [info] Getting sessions for all scopes...
2026-08-16 14:11:19.946 [info] Got 6 sessions for ...
2026-08-16 14:11:19.962 [info] Getting sessions for read:user,user:email...
2026-08-16 14:11:19.962 [info] Got 0 sessions for read:user,user:email...
2026-08-16 14:11:19.972 [info] Getting sessions for all scopes...
2026-08-16 14:11:19.972 [info] Got 6 sessions for ...
2026-08-16 14:11:20.264 [info] Getting sessions for read:user,user:email...
2026-08-16 14:11:20.264 [info] Got 0 sessions for read:user,user:email...
2026-08-16 14:11:20.266 [info] Getting sessions for read:user,user:email...
2026-08-16 14:11:20.266 [info] Got 0 sessions for read:user,user:email...
2026-08-16 14:11:20.285 [info] Getting sessions for all scopes...
2026-08-16 14:11:20.286 [info] Got 6 sessions for ...
2026-08-16 14:11:20.602 [info] Getting sessions for all scopes...
2026-08-16 14:11:20.602 [info] Got 6 sessions for ...
2026-08-16 14:11:20.603 [info] Getting sessions for all scopes...
2026-08-16 14:11:20.603 [info] Got 6 sessions for ...
2026-08-16 14:11:20.615 [info] Getting sessions for repo...
2026-08-16 14:11:20.615 [info] Got 0 sessions for repo...
2026-08-16 14:11:20.928 [info] Getting sessions for repo...
2026-08-16 14:11:20.928 [info] Got 0 sessions for repo...
2026-08-16 14:11:20.930 [info] Getting sessions for repo...
2026-08-16 14:11:20.930 [info] Got 0 sessions for repo...
2026-08-16 14:11:20.934 [info] Getting sessions for read:user,repo,user:email,workflow...
2026-08-16 14:11:20.934 [info] Got 1 sessions for read:user,repo,user:email,workflow...
2026-08-16 14:11:20.934 [info] Getting sessions for all scopes...
2026-08-16 14:11:20.934 [info] Got 6 sessions for ...
2026-08-16 14:11:21.813 [info] Getting sessions for all scopes...
2026-08-16 14:11:21.813 [info] Got 6 sessions for ...
2026-08-16 14:11:21.889 [info] Getting sessions for all scopes...
2026-08-16 14:11:21.889 [info] Got 6 sessions for ...
2026-08-16 14:11:21.890 [info] Getting sessions for all scopes...
2026-08-16 14:11:21.890 [info] Got 6 sessions for ...
2026-08-16 14:11:23.584 [info] Getting sessions for read:user,repo,user:email,workflow...
2026-08-16 14:11:23.584 [info] Got 1 sessions for read:user,repo,user:email,workflow...
2026-08-16 14:11:24.458 [info] Getting sessions for all scopes...
2026-08-16 14:11:24.458 [info] Got 6 sessions for ...
2026-08-16 14:11:25.397 [info] Getting sessions for read:user,repo,user:email,workflow...
2026-08-16 14:11:25.397 [info] Got 1 sessions for read:user,repo,user:email,workflow...
2026-08-16 14:11:27.090 [info] Getting sessions for all scopes...
2026-08-16 14:11:27.090 [info] Got 6 sessions for ...
2026-08-16 14:11:28.063 [info] Getting sessions for read:user,repo,user:email,workflow...
2026-08-16 14:11:28.063 [info] Got 1 sessions for read:user,repo,user:email,workflow...
2026-08-16 14:11:32.908 [info] Getting sessions for read:user,user:email...
2026-08-16 14:11:32.908 [info] Got 0 sessions for read:user,user:email...
2026-08-16 14:11:32.908 [info] Getting sessions for read:user,user:email...
2026-08-16 14:11:32.908 [info] Got 0 sessions for read:user,user:email...
2026-08-16 14:11:33.227 [info] Getting sessions for all scopes...
2026-08-16 14:11:33.227 [info] Got 6 sessions for ...
2026-08-16 14:11:33.227 [info] Getting sessions for all scopes...
2026-08-16 14:11:33.227 [info] Got 6 sessions for ...
2026-08-16 14:11:33.559 [info] Getting sessions for repo...
2026-08-16 14:11:33.559 [info] Got 0 sessions for repo...
2026-08-16 14:11:33.559 [info] Getting sessions for repo...
2026-08-16 14:11:33.559 [info] Got 0 sessions for repo...
2026-08-16 14:11:33.879 [info] Getting sessions for all scopes...
2026-08-16 14:11:33.879 [info] Got 6 sessions for ...
2026-08-16 14:11:33.879 [info] Getting sessions for all scopes...
2026-08-16 14:11:33.879 [info] Got 6 sessions for ...
2026-08-16 14:11:34.192 [info] Getting sessions for read:user,user:email...
2026-08-16 14:11:34.192 [info] Got 0 sessions for read:user,user:email...
2026-08-16 14:11:34.192 [info] Getting sessions for read:user,user:email...
2026-08-16 14:11:34.192 [info] Got 0 sessions for read:user,user:email...
2026-08-16 14:11:34.516 [info] Getting sessions for all scopes...
2026-08-16 14:11:34.516 [info] Got 6 sessions for ...
2026-08-16 14:11:34.516 [info] Getting sessions for all scopes...
2026-08-16 14:11:34.516 [info] Got 6 sessions for ...
2026-08-16 14:11:34.839 [info] Getting sessions for repo...
2026-08-16 14:11:34.839 [info] Got 0 sessions for repo...
2026-08-16 14:11:34.839 [info] Getting sessions for repo...
2026-08-16 14:11:34.839 [info] Got 0 sessions for repo...
2026-08-16 14:11:35.175 [info] Getting sessions for all scopes...
2026-08-16 14:11:35.175 [info] Got 6 sessions for ...
2026-08-16 14:11:35.175 [info] Getting sessions for all scopes...
2026-08-16 14:11:35.175 [info] Got 6 sessions for ...
