2026-08-16 14:15:48.589 [warning] /home/codespace/.ssh/config: ENOENT: no such file or directory, open '/home/codespace/.ssh/config'
2026-08-16 14:15:48.589 [info] [Activation] Extension version: 0.162.0
2026-08-16 14:15:53.986 [info] [Activation] Registering built in git provider.
2026-08-16 14:15:53.986 [info] [Activation] Looking for git repository
2026-08-16 14:15:53.986 [info] [Activation] Found 0 repositories during activation
2026-08-16 14:15:53.986 [info] [Activation] Git repository found, initializing review manager and pr tree view.
2026-08-16 14:15:53.997 [info] [GitAPI] Registering git provider
2026-08-16 14:15:53.997 [info] [Review+0] Validate state in progress
2026-08-16 14:15:53.997 [info] [Review+0] Validating state...
2026-08-16 14:15:54.429 [info] [FolderRepositoryManager+0] Found GitHub remote for folder /home/codespace/.oh-my-zsh
2026-08-16 14:15:54.457 [info] [FolderRepositoryManager+0] Trying to use globalState for assignableUsers.
2026-08-16 14:15:54.467 [info] [Review+0] No matching pull request metadata found locally for current branch master
2026-08-16 14:15:54.467 [info] [Review+0] No matching pull request metadata found on GitHub for current branch master
2026-08-16 14:15:54.984 [info] [GitPostCommitCommands] Trying to register post commit commands.
2026-08-16 14:15:55.010 [info] [FolderRepositoryManager+0] Using globalState assignableUsers for 0.
2026-08-16 14:16:43.361 [info] [Review+0] Validate state in progress
2026-08-16 14:16:43.361 [info] [Review+0] Validating state...
2026-08-16 14:16:43.719 [info] [FolderRepositoryManager+0] Found GitHub remote for folder /home/codespace/.oh-my-zsh
2026-08-16 14:16:43.719 [info] [FolderRepositoryManager+0] Using in-memory cached assignable users.
2026-08-16 14:16:43.731 [info] [Review+0] No matching pull request metadata found locally for current branch master
2026-08-16 14:16:43.731 [info] [Review+0] No matching pull request metadata found on GitHub for current branch master
2026-08-16 14:16:45.147 [info] [Activation] Repo state for file:///home/codespace/.oh-my-zsh changed.
2026-08-16 14:16:45.147 [info] [Activation] Repo file:///home/codespace/.oh-my-zsh has already been setup.
2026-08-16 14:20:53.998 [info] [Review+0] Polling for state change...
2026-08-16 14:20:53.998 [info] [Review+0] Validate state in progress
2026-08-16 14:20:53.998 [info] [Review+0] Validating state...
2026-08-16 14:20:54.325 [info] [FolderRepositoryManager+0] Found GitHub remote for folder /home/codespace/.oh-my-zsh
2026-08-16 14:20:54.326 [info] [FolderRepositoryManager+0] Using in-memory cached assignable users.
2026-08-16 14:20:54.338 [info] [Review+0] No matching pull request metadata found locally for current branch master
2026-08-16 14:20:54.338 [info] [Review+0] No matching pull request metadata found on GitHub for current branch master
2026-08-16 14:20:55.282 [info] [Review+0] Polling found no change. Backing off to 600s.
2026-08-16 14:30:55.282 [info] [Review+0] Skipping poll: window is not focused
2026-08-16 14:31:32.534 [info] [Review+0] Polling for state change...
2026-08-16 14:31:32.535 [info] [Review+0] Validate state in progress
2026-08-16 14:31:32.535 [info] [Review+0] Validating state...
2026-08-16 14:31:32.871 [info] [FolderRepositoryManager+0] Found GitHub remote for folder /home/codespace/.oh-my-zsh
2026-08-16 14:31:32.872 [info] [FolderRepositoryManager+0] Using in-memory cached assignable users.
2026-08-16 14:31:32.886 [info] [Review+0] No matching pull request metadata found locally for current branch master
2026-08-16 14:31:32.887 [info] [Review+0] No matching pull request metadata found on GitHub for current branch master
2026-08-16 14:31:33.852 [info] [Review+0] Polling found no change. Backing off to 1200s.
2026-08-16 14:51:33.852 [info] [Review+0] Polling for state change...
2026-08-16 14:51:33.852 [info] [Review+0] Validate state in progress
2026-08-16 14:51:33.852 [info] [Review+0] Validating state...
2026-08-16 14:51:34.189 [info] [FolderRepositoryManager+0] Found GitHub remote for folder /home/codespace/.oh-my-zsh
2026-08-16 14:51:34.190 [info] [FolderRepositoryManager+0] Using in-memory cached assignable users.
2026-08-16 14:51:34.205 [info] [Review+0] No matching pull request metadata found locally for current branch master
2026-08-16 14:51:34.205 [info] [Review+0] No matching pull request metadata found on GitHub for current branch master
2026-08-16 14:51:35.169 [info] [Review+0] Polling found no change. Backing off to 1800s.
2026-08-16 15:21:35.169 [info] [Review+0] Skipping poll: window is not focused
2026-08-16 15:24:22.137 [info] [Review+0] Polling for state change...
2026-08-16 15:24:22.137 [info] [Review+0] Validate state in progress
2026-08-16 15:24:22.137 [info] [Review+0] Validating state...
2026-08-16 15:24:22.477 [info] [FolderRepositoryManager+0] Found GitHub remote for folder /home/codespace/.oh-my-zsh
2026-08-16 15:24:22.478 [info] [FolderRepositoryManager+0] Using in-memory cached assignable users.
2026-08-16 15:24:22.490 [info] [Review+0] No matching pull request metadata found locally for current branch master
2026-08-16 15:24:22.490 [info] [Review+0] No matching pull request metadata found on GitHub for current branch master
2026-08-16 15:24:23.451 [info] [Review+0] Polling found no change. Backing off to 1800s.
2026-08-16 15:54:23.451 [info] [Review+0] Polling for state change...
2026-08-16 15:54:23.451 [info] [Review+0] Validate state in progress
2026-08-16 15:54:23.451 [info] [Review+0] Validating state...
2026-08-16 15:54:23.806 [info] [FolderRepositoryManager+0] Found GitHub remote for folder /home/codespace/.oh-my-zsh
2026-08-16 15:54:23.806 [info] [FolderRepositoryManager+0] Using in-memory cached assignable users.
2026-08-16 15:54:23.821 [info] [Review+0] No matching pull request metadata found locally for current branch master
2026-08-16 15:54:23.821 [info] [Review+0] No matching pull request metadata found on GitHub for current branch master
2026-08-16 15:54:24.791 [info] [Review+0] Polling found no change. Backing off to 1800s.
2026-08-16 16:15:32.876 [info] [GitAPI] Repository file:///home/codespace has been opened
2026-08-16 16:15:32.876 [info] [Review+1] Validate state in progress
2026-08-16 16:15:32.876 [info] [Review+1] Validating state...
2026-08-16 16:15:32.889 [warning] No remotes found. The following remotes are missing: origin, upstream
2026-08-16 16:15:32.889 [info] [FolderRepositoryManager+1] No GitHub remotes found for folder /home/codespace
2026-08-16 16:15:32.890 [info] [FolderRepositoryManager+1] Trying to use globalState for assignableUsers.
2026-08-16 16:15:32.890 [info] [GitPostCommitCommands] Trying to register post commit commands.
2026-08-16 16:15:33.402 [info] [Review+1] Queuing additional validate state
2026-08-16 16:15:33.402 [info] [Activation] Repo state for file:///home/codespace changed.
2026-08-16 16:15:33.402 [info] [Activation] Repo file:///home/codespace has already been setup.
2026-08-16 16:15:34.668 [info] [FolderRepositoryManager+1] Using globalState assignableUsers for 0.
2026-08-16 16:15:40.400 [info] [Review+1] Validating state...
2026-08-16 16:15:40.400 [warning] No remotes found. The following remotes are missing: origin, upstream
2026-08-16 16:15:40.400 [info] [FolderRepositoryManager+1] No GitHub remotes found for folder /home/codespace
2026-08-16 16:15:40.400 [info] [FolderRepositoryManager+1] Using in-memory cached assignable users.
2026-08-16 16:15:40.439 [info] [Review+1] No matching pull request metadata found locally for current branch main
2026-08-16 16:15:40.456 [info] [Review+1] No matching pull request metadata found on GitHub for current branch main
2026-08-16 16:20:32.875 [info] [Review+1] Skipping poll: window is not focused
2026-08-16 16:21:25.745 [info] [Review+1] Polling for state change...
2026-08-16 16:21:25.745 [info] [Review+1] Validate state in progress
2026-08-16 16:21:25.745 [info] [Review+1] Validating state...
2026-08-16 16:21:25.745 [warning] No remotes found. The following remotes are missing: origin, upstream
2026-08-16 16:21:25.745 [info] [FolderRepositoryManager+1] No GitHub remotes found for folder /home/codespace
2026-08-16 16:21:25.745 [info] [FolderRepositoryManager+1] Using in-memory cached assignable users.
2026-08-16 16:21:25.772 [info] [Review+1] No matching pull request metadata found locally for current branch main
2026-08-16 16:21:25.799 [info] [Review+1] No matching pull request metadata found on GitHub for current branch main
2026-08-16 16:21:26.862 [info] [Review+1] Polling found no change. Backing off to 600s.
2026-08-16 16:24:24.791 [info] [Review+0] Skipping poll: window is not focused
2026-08-16 16:31:26.862 [info] [Review+1] Skipping poll: window is not focused
2026-08-16 16:32:08.372 [info] [Review+1] Skipping poll: window is not focused
2026-08-16 16:32:23.212 [info] [Review+0] Skipping poll: window is not focused
2026-08-16 16:34:43.914 [info] [Review+1] Validate state in progress
2026-08-16 16:34:43.915 [info] [Review+1] Validating state...
2026-08-16 16:34:43.915 [warning] No remotes found. The following remotes are missing: origin, upstream
2026-08-16 16:34:43.915 [info] [FolderRepositoryManager+1] No GitHub remotes found for folder /home/codespace
2026-08-16 16:34:43.915 [info] [FolderRepositoryManager+1] Using in-memory cached assignable users.
2026-08-16 16:34:43.942 [info] [Review+1] No matching pull request metadata found locally for current branch main
2026-08-16 16:34:43.966 [info] [Review+1] No matching pull request metadata found on GitHub for current branch main
2026-08-16 16:34:58.879 [info] [Review+1] Validate state in progress
2026-08-16 16:34:58.879 [info] [Review+1] Validating state...
2026-08-16 16:34:58.880 [warning] No remotes found. The following remotes are missing: origin, upstream
2026-08-16 16:34:58.880 [info] [FolderRepositoryManager+1] No GitHub remotes found for folder /home/codespace
2026-08-16 16:34:58.880 [info] [FolderRepositoryManager+1] Using in-memory cached assignable users.
2026-08-16 16:34:58.893 [info] [Review+1] No matching pull request metadata found locally for current branch main
2026-08-16 16:34:58.959 [info] [Review+1] No matching pull request metadata found on GitHub for current branch main
2026-08-16 16:41:11.181 [info] [Review+1] Polling for state change...
2026-08-16 16:41:11.181 [info] [Review+1] Validate state in progress
2026-08-16 16:41:11.181 [info] [Review+1] Validating state...
2026-08-16 16:41:11.182 [warning] No remotes found. The following remotes are missing: origin, upstream
2026-08-16 16:41:11.182 [info] [FolderRepositoryManager+1] No GitHub remotes found for folder /home/codespace
2026-08-16 16:41:11.182 [info] [FolderRepositoryManager+1] Using in-memory cached assignable users.
2026-08-16 16:41:11.193 [info] [Review+1] No matching pull request metadata found locally for current branch main
2026-08-16 16:41:11.215 [info] [Review+1] No matching pull request metadata found on GitHub for current branch main
2026-08-16 16:41:12.781 [info] [Review+1] Polling found no change. Backing off to 1200s.
2026-08-16 16:41:22.144 [info] [Review+0] Polling for state change...
2026-08-16 16:41:22.144 [info] [Review+0] Validate state in progress
2026-08-16 16:41:22.144 [info] [Review+0] Validating state...
2026-08-16 16:41:22.485 [info] [FolderRepositoryManager+0] Found GitHub remote for folder /home/codespace/.oh-my-zsh
2026-08-16 16:41:22.485 [info] [FolderRepositoryManager+0] Using in-memory cached assignable users.
2026-08-16 16:41:22.501 [info] [Review+0] No matching pull request metadata found locally for current branch master
2026-08-16 16:41:22.501 [info] [Review+0] No matching pull request metadata found on GitHub for current branch master
2026-08-16 16:41:23.449 [info] [Review+0] Polling found no change. Backing off to 1800s.
2026-08-16 16:41:43.578 [info] [Review+1] Validate state in progress
2026-08-16 16:41:43.578 [info] [Review+1] Validating state...
2026-08-16 16:41:44.572 [info] [FolderRepositoryManager+1] Found GitHub remote for folder /home/codespace
2026-08-16 16:41:44.572 [info] [FolderRepositoryManager+1] Using in-memory cached assignable users.
2026-08-16 16:41:44.599 [info] [Review+1] No matching pull request metadata found locally for current branch main
2026-08-16 16:41:44.643 [info] [Review+1] No matching pull request metadata found on GitHub for current branch main
