0 verbose cli /usr/local/share/nvm/versions/node/v24.14.0/bin/node /home/codespace/nvm/current/bin/npm
1 info using npm@11.9.0
2 info using node@v24.14.0
3 silly config load:file:/usr/local/share/nvm/versions/node/v24.14.0/lib/node_modules/npm/npmrc
4 silly config load:file:/home/codespace/.cache/typescript/6.0/.npmrc
5 silly config load:file:/home/codespace/.npmrc
6 silly config load:file:/usr/local/share/nvm/versions/node/v24.14.0/etc/npmrc
7 verbose title npm install @types/react@ts6.0
8 verbose argv "install" "--ignore-scripts" "@types/react@ts6.0" "--save-dev" "--user-agent" "typesInstaller/6.0.3"
9 verbose logfile logs-max:10 dir:/home/codespace/.npm/_logs/2026-08-16T14_22_25_133Z-
10 verbose logfile /home/codespace/.npm/_logs/2026-08-16T14_22_25_133Z-debug-0.log
11 silly logfile done cleaning log files
12 silly packumentCache heap:2348810240 maxSize:587202560 maxEntrySize:293601280
13 silly packumentCache corgi:https://registry.npmjs.org/@types%2freact cache-miss
14 http fetch GET 200 https://registry.npmjs.org/@types%2freact 111ms (cache miss)
15 silly packumentCache corgi:https://registry.npmjs.org/@types%2freact set size:undefined disposed:false
16 silly idealTree buildDeps
17 silly fetch manifest @types/react@19.2.18
18 silly packumentCache full:https://registry.npmjs.org/@types%2freact cache-miss
19 http fetch GET 200 https://registry.npmjs.org/@types%2freact 68ms (cache miss)
20 silly packumentCache full:https://registry.npmjs.org/@types%2freact set size:undefined disposed:false
21 silly placeDep ROOT @types/react@19.2.18 OK for:  want: 19.2.18
22 silly fetch manifest csstype@^3.2.2
23 silly packumentCache full:https://registry.npmjs.org/csstype cache-miss
24 http fetch GET 200 https://registry.npmjs.org/csstype 29ms (cache miss)
25 silly packumentCache full:https://registry.npmjs.org/csstype set size:undefined disposed:false
26 silly placeDep ROOT csstype@3.2.3 OK for: @types/react@19.2.18 want: ^3.2.2
27 silly reify moves {}
28 silly audit bulk request {
28 silly audit   'types-registry': [ '0.1.783' ],
28 silly audit   '@types/react': [ '19.2.18' ],
28 silly audit   csstype: [ '3.2.3' ]
28 silly audit }
29 http cache csstype@https://registry.npmjs.org/csstype/-/csstype-3.2.3.tgz 0ms (cache hit)
30 http cache @types/react@https://registry.npmjs.org/@types/react/-/react-19.2.18.tgz 0ms (cache hit)
31 silly tarball no local data for csstype@https://registry.npmjs.org/csstype/-/csstype-3.2.3.tgz. Extracting by manifest.
32 silly tarball no local data for @types/react@https://registry.npmjs.org/@types/react/-/react-19.2.18.tgz. Extracting by manifest.
33 http fetch GET 200 https://registry.npmjs.org/@types/react/-/react-19.2.18.tgz 128ms (cache miss)
34 http fetch GET 200 https://registry.npmjs.org/csstype/-/csstype-3.2.3.tgz 136ms (cache miss)
35 http fetch POST 200 https://registry.npmjs.org/-/npm/v1/security/advisories/bulk 237ms
36 silly audit report {}
37 silly ADD node_modules/csstype
38 silly ADD node_modules/@types/react
39 verbose cwd /home/codespace/.cache/typescript/6.0
40 verbose os Linux 6.8.0-1052-azure
41 verbose node v24.14.0
42 verbose npm  v11.9.0
43 verbose exit 0
44 info ok
