0 verbose cli /usr/local/share/nvm/versions/node/v24.14.0/bin/node /home/codespace/nvm/current/bin/npm
1 info using npm@11.9.0
2 info using node@v24.14.0
3 silly config load:file:/usr/local/share/nvm/versions/node/v24.14.0/lib/node_modules/npm/npmrc
4 silly config load:file:/home/codespace/.cache/typescript/6.0/.npmrc
5 silly config load:file:/home/codespace/.npmrc
6 silly config load:file:/usr/local/share/nvm/versions/node/v24.14.0/etc/npmrc
7 verbose title npm install types-registry@latest
8 verbose argv "install" "--ignore-scripts" "types-registry@latest"
9 verbose logfile logs-max:10 dir:/home/codespace/.npm/_logs/2026-08-16T14_22_23_321Z-
10 verbose logfile /home/codespace/.npm/_logs/2026-08-16T14_22_23_321Z-debug-0.log
11 silly logfile done cleaning log files
12 silly packumentCache heap:2348810240 maxSize:587202560 maxEntrySize:293601280
13 silly packumentCache corgi:https://registry.npmjs.org/types-registry cache-miss
14 http fetch GET 200 https://registry.npmjs.org/npm 119ms
15 http fetch GET 200 https://registry.npmjs.org/types-registry 166ms (cache miss)
16 silly packumentCache corgi:https://registry.npmjs.org/types-registry set size:undefined disposed:false
17 silly idealTree buildDeps
18 silly fetch manifest types-registry@0.1.783
19 silly packumentCache full:https://registry.npmjs.org/types-registry cache-miss
20 http fetch GET 200 https://registry.npmjs.org/types-registry 68ms (cache miss)
21 silly packumentCache full:https://registry.npmjs.org/types-registry set size:undefined disposed:false
22 silly placeDep ROOT types-registry@0.1.783 OK for:  want: 0.1.783
23 silly reify moves {}
24 silly audit bulk request { 'types-registry': [ '0.1.783' ] }
25 http cache types-registry@https://registry.npmjs.org/types-registry/-/types-registry-0.1.783.tgz 1ms (cache hit)
26 silly tarball no local data for types-registry@https://registry.npmjs.org/types-registry/-/types-registry-0.1.783.tgz. Extracting by manifest.
27 http fetch GET 200 https://registry.npmjs.org/types-registry/-/types-registry-0.1.783.tgz 60ms (cache miss)
28 http fetch POST 200 https://registry.npmjs.org/-/npm/v1/security/advisories/bulk 241ms
29 silly audit report {}
30 silly ADD node_modules/types-registry
31 verbose cwd /home/codespace/.cache/typescript/6.0
32 verbose os Linux 6.8.0-1052-azure
33 verbose node v24.14.0
34 verbose npm  v11.9.0
35 notice
35 notice New minor version of npm available! 11.9.0 -> 11.19.0
35 notice Changelog: https://github.com/npm/cli/releases/tag/v11.19.0
35 notice To update run: npm install -g npm@11.19.0
35 notice  { force: true, Symbol(proc-log.meta): true }
36 verbose exit 0
37 info ok
