2026-08-16 14:10:07.603 [warning] /home/codespace/.ssh/config: ENOENT: no such file or directory, open '/home/codespace/.ssh/config'
2026-08-16 14:10:07.603 [info] [Activation] Extension version: 0.162.0
2026-08-16 14:10:19.336 [info] [Authentication] Creating hub for .com
2026-08-16 14:10:22.450 [info] [Activation] Registering built in git provider.
2026-08-16 14:10:22.450 [info] [Activation] Looking for git repository
2026-08-16 14:10:22.450 [info] [Activation] Found 0 repositories during activation
2026-08-16 14:10:22.450 [info] [Activation] Git repository found, initializing review manager and pr tree view.
2026-08-16 14:10:22.463 [info] [GitAPI] Registering git provider
2026-08-16 14:10:22.463 [info] [Review+0] Validate state in progress
2026-08-16 14:10:22.463 [info] [Review+0] Validating state...
2026-08-16 14:10:24.072 [info] [FolderRepositoryManager+0] Found GitHub remote for folder /workspaces/AQUA
2026-08-16 14:10:25.233 [info] [GitPostCommitCommands] Trying to register post commit commands.
2026-08-16 14:10:25.233 [info] [GitPostCommitCommands] GitHub remote(s) found, registering post commit commands.
2026-08-16 14:10:25.233 [info] [GitPostCommitCommands] Looking for remote. Comparing 1 local repo remotes with 1 GitHub repositories.
2026-08-16 14:10:25.233 [info] [GitPostCommitCommands] Found a repo when getting post commit commands.
2026-08-16 14:10:25.233 [info] [GitPostCommitCommands] Looking for remote. Comparing 1 local repo remotes with 1 GitHub repositories.
2026-08-16 14:10:25.233 [info] [GitPostCommitCommands] Found a repo when getting post commit commands.
2026-08-16 14:10:26.184 [info] [FolderRepositoryManager+0] Trying to use globalState for assignableUsers.
2026-08-16 14:10:26.184 [info] [FolderRepositoryManager+0] First activation: associating local branches with PRs
2026-08-16 14:10:26.204 [info] [Review+0] No matching pull request metadata found locally for current branch main
2026-08-16 14:10:27.821 [info] [FolderRepositoryManager+0] GlobalState does not exist for assignableUsers.
2026-08-16 14:10:28.203 [info] [FolderRepositoryManager+0] Branch association complete: 0 branches associated with PRs
2026-08-16 14:10:28.203 [info] [Review+0] No matching pull request metadata found on GitHub for current branch main
2026-08-16 14:11:23.782 [info] [Activation] Repo state for file:///workspaces/AQUA changed.
2026-08-16 14:11:23.782 [info] [Activation] Repo file:///workspaces/AQUA has already been setup.
