2026-08-16 14:15:47.525 [info] [main] Log level: Info
2026-08-16 14:15:47.525 [info] [main] Validating found git in: "git"
2026-08-16 14:15:47.525 [info] [main] Using git "2.53.0" from "git"
2026-08-16 14:15:47.525 [info] [Model][doInitialScan] Initial repository scan started
2026-08-16 14:15:47.525 [info] > git rev-parse --show-toplevel [3ms]
2026-08-16 14:15:47.525 [info] fatal: not a git repository (or any of the parent directories): .git
2026-08-16 14:15:47.525 [info] > git rev-parse --show-toplevel [1ms]
2026-08-16 14:15:47.525 [info] fatal: not a git repository (or any of the parent directories): .git
2026-08-16 14:15:47.525 [info] > git rev-parse --show-toplevel [1ms]
2026-08-16 14:15:47.525 [info] fatal: not a git repository (or any of the parent directories): .git
2026-08-16 14:15:47.525 [info] > git rev-parse --show-toplevel [1ms]
2026-08-16 14:15:47.525 [info] fatal: not a git repository (or any of the parent directories): .git
2026-08-16 14:15:47.525 [info] > git rev-parse --show-toplevel [1ms]
2026-08-16 14:15:47.525 [info] fatal: not a git repository (or any of the parent directories): .git
2026-08-16 14:15:47.525 [info] > git rev-parse --show-toplevel [1ms]
2026-08-16 14:15:47.525 [info] fatal: not a git repository (or any of the parent directories): .git
2026-08-16 14:15:47.525 [info] > git rev-parse --show-toplevel [1ms]
2026-08-16 14:15:47.525 [info] fatal: not a git repository (or any of the parent directories): .git
2026-08-16 14:15:47.525 [info] > git rev-parse --show-toplevel [1ms]
2026-08-16 14:15:47.525 [info] fatal: not a git repository (or any of the parent directories): .git
2026-08-16 14:15:47.525 [info] > git rev-parse --show-toplevel [1ms]
2026-08-16 14:15:47.525 [info] fatal: not a git repository (or any of the parent directories): .git
2026-08-16 14:15:47.525 [info] > git rev-parse --show-toplevel [1ms]
2026-08-16 14:15:47.525 [info] fatal: not a git repository (or any of the parent directories): .git
2026-08-16 14:15:47.525 [info] > git rev-parse --show-toplevel [2ms]
2026-08-16 14:15:47.525 [info] fatal: not a git repository (or any of the parent directories): .git
2026-08-16 14:15:47.525 [info] > git rev-parse --show-toplevel [2ms]
2026-08-16 14:15:47.525 [info] > git rev-parse --git-dir --git-common-dir --show-superproject-working-tree [3ms]
2026-08-16 14:15:47.605 [info] [Model][openRepository] Opened repository (path): /home/codespace/.oh-my-zsh
2026-08-16 14:15:47.605 [info] [Model][openRepository] Opened repository (real path): /home/codespace/.oh-my-zsh
2026-08-16 14:15:47.605 [info] [Model][openRepository] Opened repository (kind): repository
2026-08-16 14:15:47.645 [info] > git config --get commit.template [14ms]
2026-08-16 14:15:47.645 [info] > git config --get --local core.virtualfilesystem [27ms]
2026-08-16 14:15:47.645 [warning] [Git][config] git config failed: Failed to execute git
2026-08-16 14:15:47.665 [info] > git rev-parse --show-toplevel [23ms]
2026-08-16 14:15:47.665 [info] fatal: not a git repository (or any of the parent directories): .git
2026-08-16 14:15:47.679 [info] > git rev-parse --show-toplevel [3ms]
2026-08-16 14:15:47.680 [info] fatal: not a git repository (or any of the parent directories): .git
2026-08-16 14:15:47.690 [info] > git for-each-ref --format=%(refname)%00%(upstream:short)%00%(objectname)%00%(upstream:track)%00%(upstream:remotename)%00%(upstream:remoteref) refs/heads/master refs/remotes/master [26ms]
2026-08-16 14:15:47.691 [info] > git rev-parse --show-toplevel [3ms]
2026-08-16 14:15:47.691 [info] fatal: not a git repository (or any of the parent directories): .git
2026-08-16 14:15:47.700 [warning] [Git][revParse] Unable to read file: ENOENT: no such file or directory, open '/home/codespace/.oh-my-zsh/.git/refs/remotes/origin/master'
2026-08-16 14:15:47.708 [info] > git rev-parse refs/remotes/origin/master [8ms]
2026-08-16 14:15:47.728 [info] > git rev-parse --show-toplevel [21ms]
2026-08-16 14:15:47.728 [info] fatal: not a git repository (or any of the parent directories): .git
2026-08-16 14:15:47.729 [info] > git for-each-ref --sort -committerdate --format %(refname)%00%(objectname)%00%(*objectname) [3ms]
2026-08-16 14:15:47.745 [info] > git rev-parse --show-toplevel [5ms]
2026-08-16 14:15:47.746 [info] fatal: not a git repository (or any of the parent directories): .git
2026-08-16 14:15:47.750 [info] [Model][doInitialScan] Initial repository scan completed - repositories (1), closed repositories (0), parent repositories (0), unsafe repositories (0)
2026-08-16 14:15:47.778 [info] > git rev-parse --show-toplevel [5ms]
2026-08-16 14:15:47.778 [info] fatal: not a git repository (or any of the parent directories): .git
2026-08-16 14:15:47.975 [info] > git status -z -uall [260ms]
2026-08-16 14:15:48.002 [info] > git for-each-ref --format=%(refname)%00%(upstream:short)%00%(objectname)%00%(upstream:track)%00%(upstream:remotename)%00%(upstream:remoteref) refs/heads/master refs/remotes/master [10ms]
2026-08-16 14:15:48.010 [info] > git config --get commit.template [8ms]
2026-08-16 14:15:48.128 [info] > git config --get --local branch.master.vscode-merge-base [119ms]
2026-08-16 14:15:48.128 [warning] [Git][config] git config failed: Failed to execute git
2026-08-16 14:15:48.141 [info] > git for-each-ref --format=%(refname)%00%(upstream:short)%00%(objectname)%00%(upstream:track)%00%(upstream:remotename)%00%(upstream:remoteref) refs/heads/master refs/remotes/master [122ms]
2026-08-16 14:15:48.153 [warning] [Git][revParse] Unable to read file: ENOENT: no such file or directory, open '/home/codespace/.oh-my-zsh/.git/refs/remotes/origin/master'
2026-08-16 14:15:48.153 [info] > git reflog master --grep-reflog=branch: Created from *. [16ms]
2026-08-16 14:15:48.160 [info] > git rev-parse refs/remotes/origin/master [8ms]
2026-08-16 14:15:48.178 [info] > git symbolic-ref --short refs/remotes/origin/HEAD [19ms]
2026-08-16 14:15:48.196 [info] > git for-each-ref --format=%(refname)%00%(upstream:short)%00%(objectname)%00%(upstream:track)%00%(upstream:remotename)%00%(upstream:remoteref) refs/heads/origin/master refs/remotes/origin/master [1ms]
2026-08-16 14:15:48.208 [info] > git for-each-ref --sort -committerdate --format %(refname)%00%(objectname)%00%(*objectname) [30ms]
2026-08-16 14:15:48.228 [info] > git config --add --local branch.master.vscode-merge-base origin/master [20ms]
2026-08-16 14:15:48.238 [info] > git status -z -uall [70ms] (cancelled)
2026-08-16 14:15:48.247 [info] > git config --get commit.template [9ms]
2026-08-16 14:15:48.249 [info] > git for-each-ref --format=%(refname)%00%(upstream:short)%00%(objectname)%00%(upstream:track)%00%(upstream:remotename)%00%(upstream:remoteref) refs/heads/master refs/remotes/master [3ms]
2026-08-16 14:15:48.255 [warning] [Git][revParse] Unable to read file: ENOENT: no such file or directory, open '/home/codespace/.oh-my-zsh/.git/refs/remotes/origin/master'
2026-08-16 14:15:48.258 [info] > git rev-parse refs/remotes/origin/master [4ms]
2026-08-16 14:15:48.274 [info] > git for-each-ref --sort -committerdate --format %(refname)%00%(objectname)%00%(*objectname) [0ms]
2026-08-16 14:15:48.323 [info] > git status -z -uall [59ms]
2026-08-16 14:15:48.349 [info] > git merge-base refs/heads/master refs/remotes/origin/master [7ms]
2026-08-16 14:15:48.358 [info] > git merge-base refs/heads/master refs/remotes/origin/master [24ms]
2026-08-16 14:15:48.369 [info] > git diff --raw --numstat --diff-filter=ADMR -z --find-renames=50% 8df5c1b18b1393dc5046c729094f897bd3636a9b...refs/remotes/origin/master -- [11ms]
2026-08-16 14:15:48.372 [info] > git diff --raw --numstat --diff-filter=ADMR -z --find-renames=50% 8df5c1b18b1393dc5046c729094f897bd3636a9b...refs/remotes/origin/master -- [4ms]
2026-08-16 14:15:48.723 [info] > git check-ignore -v -z --stdin [2ms]
2026-08-16 14:15:49.847 [info] > git config --get commit.template [7ms]
2026-08-16 14:15:49.849 [info] > git for-each-ref --format=%(refname)%00%(upstream:short)%00%(objectname)%00%(upstream:track)%00%(upstream:remotename)%00%(upstream:remoteref) refs/heads/master refs/remotes/master [3ms]
2026-08-16 14:15:49.855 [warning] [Git][revParse] Unable to read file: ENOENT: no such file or directory, open '/home/codespace/.oh-my-zsh/.git/refs/remotes/origin/master'
2026-08-16 14:15:49.859 [info] > git rev-parse refs/remotes/origin/master [4ms]
2026-08-16 14:15:49.878 [info] > git for-each-ref --sort -committerdate --format %(refname)%00%(objectname)%00%(*objectname) [5ms]
2026-08-16 14:15:49.931 [info] > git status -z -uall [67ms]
2026-08-16 14:15:53.999 [info] > git config --local -l [2ms]
2026-08-16 14:15:54.419 [info] > git config --local -l [5ms]
2026-08-16 14:15:54.420 [info] > git config --local -l [13ms]
2026-08-16 14:15:54.420 [info] > git config --local -l [20ms]
2026-08-16 14:15:54.420 [info] > git config --local -l [27ms]
2026-08-16 14:15:54.464 [info] > git config --local -l [7ms]
2026-08-16 14:15:54.465 [info] > git config --local -l [14ms]
2026-08-16 14:15:54.465 [info] > git config --local -l [21ms]
2026-08-16 14:15:54.466 [info] > git config --local -l [28ms]
2026-08-16 14:15:54.466 [info] > git config --local -l [3ms]
2026-08-16 14:16:43.372 [info] > git config --local -l [2ms]
2026-08-16 14:16:43.730 [info] > git config --local -l [2ms]
2026-08-16 14:16:44.818 [info] > git config --get commit.template [5ms]
2026-08-16 14:16:44.991 [info] > git for-each-ref --format=%(refname)%00%(upstream:short)%00%(objectname)%00%(upstream:track)%00%(upstream:remotename)%00%(upstream:remoteref) refs/heads/master refs/remotes/master [160ms]
2026-08-16 14:16:45.006 [warning] [Git][revParse] Unable to read file: ENOENT: no such file or directory, open '/home/codespace/.oh-my-zsh/.git/refs/remotes/origin/master'
2026-08-16 14:16:45.007 [info] > git rev-parse refs/remotes/origin/master [1ms]
2026-08-16 14:16:45.055 [info] > git for-each-ref --sort -committerdate --format %(refname)%00%(objectname)%00%(*objectname) [17ms]
2026-08-16 14:16:45.143 [info] > git status -z -uall [124ms]
2026-08-16 14:16:47.346 [info] > git rev-parse --show-toplevel [1ms]
2026-08-16 14:16:47.346 [info] fatal: not a git repository (or any of the parent directories): .git
2026-08-16 14:16:54.340 [info] > git merge-base HEAD @{upstream} [52ms]
2026-08-16 14:16:54.352 [info] > git config --get --local core.virtualfilesystem [2ms]
2026-08-16 14:16:54.352 [warning] [Git][config] git config failed: Failed to execute git
2026-08-16 14:16:54.363 [info] > git config --get --local core.sparsecheckout [2ms]
2026-08-16 14:16:54.363 [warning] [Git][config] git config failed: Failed to execute git
2026-08-16 14:16:54.423 [info] > git show -s --decorate=full --shortstat --format=%H%n%aN%n%aE%n%at%n%ct%n%P%n%D%n%B -z 8df5c1b18b1393dc5046c729094f897bd3636a9b -- [52ms]
2026-08-16 14:17:43.249 [info] > git merge-base HEAD @{upstream} [17ms]
2026-08-16 14:17:43.262 [info] > git config --get --local core.virtualfilesystem [4ms]
2026-08-16 14:17:43.262 [warning] [Git][config] git config failed: Failed to execute git
2026-08-16 14:17:43.274 [info] > git config --get --local core.sparsecheckout [2ms]
2026-08-16 14:17:43.274 [warning] [Git][config] git config failed: Failed to execute git
2026-08-16 14:17:43.326 [info] > git show -s --decorate=full --shortstat --format=%H%n%aN%n%aE%n%at%n%ct%n%P%n%D%n%B -z 8df5c1b18b1393dc5046c729094f897bd3636a9b -- [45ms]
2026-08-16 14:17:58.907 [info] > git check-ignore -v -z --stdin [5ms]
2026-08-16 14:18:20.285 [info] > git merge-base HEAD @{upstream} [16ms]
2026-08-16 14:18:20.305 [info] > git config --get --local core.virtualfilesystem [6ms]
2026-08-16 14:18:20.305 [warning] [Git][config] git config failed: Failed to execute git
2026-08-16 14:18:20.315 [info] > git config --get --local core.sparsecheckout [2ms]
2026-08-16 14:18:20.315 [warning] [Git][config] git config failed: Failed to execute git
2026-08-16 14:18:20.367 [info] > git show -s --decorate=full --shortstat --format=%H%n%aN%n%aE%n%at%n%ct%n%P%n%D%n%B -z 8df5c1b18b1393dc5046c729094f897bd3636a9b -- [45ms]
2026-08-16 14:18:29.493 [info] > git rev-parse --show-toplevel [2ms]
2026-08-16 14:18:29.493 [info] fatal: not a git repository (or any of the parent directories): .git
2026-08-16 14:18:33.482 [info] > git rev-parse --show-toplevel [4ms]
2026-08-16 14:18:33.482 [info] fatal: not a git repository (or any of the parent directories): .git
2026-08-16 14:19:57.758 [info] > git rev-parse --show-toplevel [3ms]
2026-08-16 14:19:57.758 [info] fatal: not a git repository (or any of the parent directories): .git
2026-08-16 14:19:57.841 [info] > git log --format=%H%n%aN%n%aE%n%at%n%ct%n%P%n%D%n%B -z --shortstat --diff-merges=first-parent -n50 --skip=0 --topo-order --decorate=full --stdin [111ms]
2026-08-16 14:19:58.271 [info] > git check-ignore -v -z --stdin [2ms]
2026-08-16 14:19:59.284 [info] > git merge-base master origin/master [3ms]
2026-08-16 14:20:54.011 [info] > git config --local -l [2ms]
2026-08-16 14:20:54.338 [info] > git config --local -l [2ms]
2026-08-16 14:28:15.860 [info] > git merge-base HEAD @{upstream} [21ms]
2026-08-16 14:28:15.895 [info] > git config --get --local core.virtualfilesystem [14ms]
2026-08-16 14:28:15.895 [warning] [Git][config] git config failed: Failed to execute git
2026-08-16 14:28:15.927 [info] > git config --get --local core.sparsecheckout [2ms]
2026-08-16 14:28:15.928 [warning] [Git][config] git config failed: Failed to execute git
2026-08-16 14:28:16.096 [info] > git show -s --decorate=full --shortstat --format=%H%n%aN%n%aE%n%at%n%ct%n%P%n%D%n%B -z 8df5c1b18b1393dc5046c729094f897bd3636a9b -- [132ms]
2026-08-16 14:30:14.259 [info] > git merge-base HEAD @{upstream} [19ms]
2026-08-16 14:30:14.282 [info] > git config --get --local core.virtualfilesystem [13ms]
2026-08-16 14:30:14.282 [warning] [Git][config] git config failed: Failed to execute git
2026-08-16 14:30:14.292 [info] > git config --get --local core.sparsecheckout [2ms]
2026-08-16 14:30:14.292 [warning] [Git][config] git config failed: Failed to execute git
2026-08-16 14:30:14.343 [info] > git show -s --decorate=full --shortstat --format=%H%n%aN%n%aE%n%at%n%ct%n%P%n%D%n%B -z 8df5c1b18b1393dc5046c729094f897bd3636a9b -- [43ms]
2026-08-16 14:31:32.550 [info] > git config --local -l [2ms]
2026-08-16 14:31:32.886 [info] > git config --local -l [2ms]
2026-08-16 14:40:02.581 [info] > git merge-base HEAD @{upstream} [20ms]
2026-08-16 14:40:02.597 [info] > git config --get --local core.virtualfilesystem [3ms]
2026-08-16 14:40:02.597 [warning] [Git][config] git config failed: Failed to execute git
2026-08-16 14:40:02.610 [info] > git config --get --local core.sparsecheckout [3ms]
2026-08-16 14:40:02.610 [warning] [Git][config] git config failed: Failed to execute git
2026-08-16 14:40:02.681 [info] > git show -s --decorate=full --shortstat --format=%H%n%aN%n%aE%n%at%n%ct%n%P%n%D%n%B -z 8df5c1b18b1393dc5046c729094f897bd3636a9b -- [60ms]
2026-08-16 14:43:17.701 [info] > git merge-base HEAD @{upstream} [76ms]
2026-08-16 14:43:17.714 [info] > git config --get --local core.virtualfilesystem [2ms]
2026-08-16 14:43:17.714 [warning] [Git][config] git config failed: Failed to execute git
2026-08-16 14:43:17.724 [info] > git config --get --local core.sparsecheckout [1ms]
2026-08-16 14:43:17.725 [warning] [Git][config] git config failed: Failed to execute git
2026-08-16 14:43:17.779 [info] > git show -s --decorate=full --shortstat --format=%H%n%aN%n%aE%n%at%n%ct%n%P%n%D%n%B -z 8df5c1b18b1393dc5046c729094f897bd3636a9b -- [47ms]
2026-08-16 14:48:00.750 [info] > git merge-base HEAD @{upstream} [55ms]
2026-08-16 14:48:00.765 [info] > git config --get --local core.virtualfilesystem [3ms]
2026-08-16 14:48:00.765 [warning] [Git][config] git config failed: Failed to execute git
2026-08-16 14:48:00.777 [info] > git config --get --local core.sparsecheckout [1ms]
2026-08-16 14:48:00.777 [warning] [Git][config] git config failed: Failed to execute git
2026-08-16 14:48:00.836 [info] > git show -s --decorate=full --shortstat --format=%H%n%aN%n%aE%n%at%n%ct%n%P%n%D%n%B -z 8df5c1b18b1393dc5046c729094f897bd3636a9b -- [47ms]
2026-08-16 14:51:33.867 [info] > git config --local -l [3ms]
2026-08-16 14:51:34.204 [info] > git config --local -l [2ms]
2026-08-16 14:55:44.888 [info] > git merge-base HEAD @{upstream} [24ms]
2026-08-16 14:55:44.908 [info] > git config --get --local core.virtualfilesystem [5ms]
2026-08-16 14:55:44.908 [warning] [Git][config] git config failed: Failed to execute git
2026-08-16 14:55:44.920 [info] > git config --get --local core.sparsecheckout [3ms]
2026-08-16 14:55:44.920 [warning] [Git][config] git config failed: Failed to execute git
2026-08-16 14:55:44.977 [info] > git show -s --decorate=full --shortstat --format=%H%n%aN%n%aE%n%at%n%ct%n%P%n%D%n%B -z 8df5c1b18b1393dc5046c729094f897bd3636a9b -- [48ms]
2026-08-16 15:00:39.879 [info] > git merge-base HEAD @{upstream} [25ms]
2026-08-16 15:00:39.898 [info] > git config --get --local core.virtualfilesystem [7ms]
2026-08-16 15:00:39.898 [warning] [Git][config] git config failed: Failed to execute git
2026-08-16 15:00:39.909 [info] > git config --get --local core.sparsecheckout [2ms]
2026-08-16 15:00:39.909 [warning] [Git][config] git config failed: Failed to execute git
2026-08-16 15:00:39.963 [info] > git show -s --decorate=full --shortstat --format=%H%n%aN%n%aE%n%at%n%ct%n%P%n%D%n%B -z 8df5c1b18b1393dc5046c729094f897bd3636a9b -- [45ms]
2026-08-16 15:07:59.478 [info] > git merge-base HEAD @{upstream} [26ms]
2026-08-16 15:07:59.496 [info] > git config --get --local core.virtualfilesystem [4ms]
2026-08-16 15:07:59.496 [warning] [Git][config] git config failed: Failed to execute git
2026-08-16 15:07:59.514 [info] > git config --get --local core.sparsecheckout [3ms]
2026-08-16 15:07:59.514 [warning] [Git][config] git config failed: Failed to execute git
2026-08-16 15:07:59.586 [info] > git show -s --decorate=full --shortstat --format=%H%n%aN%n%aE%n%at%n%ct%n%P%n%D%n%B -z 8df5c1b18b1393dc5046c729094f897bd3636a9b -- [59ms]
2026-08-16 15:17:33.748 [info] > git merge-base HEAD @{upstream} [48ms]
2026-08-16 15:17:33.762 [info] > git config --get --local core.virtualfilesystem [3ms]
2026-08-16 15:17:33.762 [warning] [Git][config] git config failed: Failed to execute git
2026-08-16 15:17:33.774 [info] > git config --get --local core.sparsecheckout [2ms]
2026-08-16 15:17:33.774 [warning] [Git][config] git config failed: Failed to execute git
2026-08-16 15:17:33.830 [info] > git show -s --decorate=full --shortstat --format=%H%n%aN%n%aE%n%at%n%ct%n%P%n%D%n%B -z 8df5c1b18b1393dc5046c729094f897bd3636a9b -- [46ms]
2026-08-16 15:24:22.151 [info] > git config --local -l [2ms]
2026-08-16 15:24:22.490 [info] > git config --local -l [2ms]
2026-08-16 15:30:15.985 [info] > git merge-base HEAD @{upstream} [16ms]
2026-08-16 15:30:16.000 [info] > git config --get --local core.virtualfilesystem [5ms]
2026-08-16 15:30:16.000 [warning] [Git][config] git config failed: Failed to execute git
2026-08-16 15:30:16.010 [info] > git config --get --local core.sparsecheckout [2ms]
2026-08-16 15:30:16.010 [warning] [Git][config] git config failed: Failed to execute git
2026-08-16 15:30:16.061 [info] > git show -s --decorate=full --shortstat --format=%H%n%aN%n%aE%n%at%n%ct%n%P%n%D%n%B -z 8df5c1b18b1393dc5046c729094f897bd3636a9b -- [43ms]
2026-08-16 15:32:04.062 [info] > git rev-parse --show-toplevel [3ms]
2026-08-16 15:32:04.062 [info] fatal: not a git repository (or any of the parent directories): .git
2026-08-16 15:32:05.172 [info] > git rev-parse --show-toplevel [2ms]
2026-08-16 15:32:05.172 [info] fatal: not a git repository (or any of the parent directories): .git
2026-08-16 15:32:28.545 [info] > git check-ignore -v -z --stdin [3ms]
2026-08-16 15:48:05.265 [info] > git merge-base HEAD @{upstream} [16ms]
2026-08-16 15:48:05.278 [info] > git config --get --local core.virtualfilesystem [4ms]
2026-08-16 15:48:05.278 [warning] [Git][config] git config failed: Failed to execute git
2026-08-16 15:48:05.288 [info] > git config --get --local core.sparsecheckout [1ms]
2026-08-16 15:48:05.288 [warning] [Git][config] git config failed: Failed to execute git
2026-08-16 15:48:05.340 [info] > git show -s --decorate=full --shortstat --format=%H%n%aN%n%aE%n%at%n%ct%n%P%n%D%n%B -z 8df5c1b18b1393dc5046c729094f897bd3636a9b -- [44ms]
2026-08-16 15:54:05.989 [info] > git merge-base HEAD @{upstream} [3ms]
2026-08-16 15:54:06.000 [info] > git config --get --local core.virtualfilesystem [2ms]
2026-08-16 15:54:06.000 [warning] [Git][config] git config failed: Failed to execute git
2026-08-16 15:54:06.010 [info] > git config --get --local core.sparsecheckout [1ms]
2026-08-16 15:54:06.010 [warning] [Git][config] git config failed: Failed to execute git
2026-08-16 15:54:06.061 [info] > git show -s --decorate=full --shortstat --format=%H%n%aN%n%aE%n%at%n%ct%n%P%n%D%n%B -z 8df5c1b18b1393dc5046c729094f897bd3636a9b -- [42ms]
2026-08-16 15:54:23.465 [info] > git config --local -l [2ms]
2026-08-16 15:54:23.821 [info] > git config --local -l [2ms]
2026-08-16 15:57:41.721 [info] > git merge-base HEAD @{upstream} [55ms]
2026-08-16 15:57:41.737 [info] > git config --get --local core.virtualfilesystem [5ms]
2026-08-16 15:57:41.737 [warning] [Git][config] git config failed: Failed to execute git
2026-08-16 15:57:41.754 [info] > git config --get --local core.sparsecheckout [3ms]
2026-08-16 15:57:41.754 [warning] [Git][config] git config failed: Failed to execute git
2026-08-16 15:57:41.834 [info] > git show -s --decorate=full --shortstat --format=%H%n%aN%n%aE%n%at%n%ct%n%P%n%D%n%B -z 8df5c1b18b1393dc5046c729094f897bd3636a9b -- [71ms]
2026-08-16 15:59:46.915 [info] > git merge-base HEAD @{upstream} [23ms]
2026-08-16 15:59:46.930 [info] > git config --get --local core.virtualfilesystem [3ms]
2026-08-16 15:59:46.930 [warning] [Git][config] git config failed: Failed to execute git
2026-08-16 15:59:46.942 [info] > git config --get --local core.sparsecheckout [2ms]
2026-08-16 15:59:46.942 [warning] [Git][config] git config failed: Failed to execute git
2026-08-16 15:59:46.996 [info] > git show -s --decorate=full --shortstat --format=%H%n%aN%n%aE%n%at%n%ct%n%P%n%D%n%B -z 8df5c1b18b1393dc5046c729094f897bd3636a9b -- [46ms]
2026-08-16 16:03:09.682 [info] > git merge-base HEAD @{upstream} [16ms]
2026-08-16 16:03:09.694 [info] > git config --get --local core.virtualfilesystem [2ms]
2026-08-16 16:03:09.695 [warning] [Git][config] git config failed: Failed to execute git
2026-08-16 16:03:09.705 [info] > git config --get --local core.sparsecheckout [2ms]
2026-08-16 16:03:09.705 [warning] [Git][config] git config failed: Failed to execute git
2026-08-16 16:03:09.757 [info] > git show -s --decorate=full --shortstat --format=%H%n%aN%n%aE%n%at%n%ct%n%P%n%D%n%B -z 8df5c1b18b1393dc5046c729094f897bd3636a9b -- [43ms]
2026-08-16 16:11:30.012 [info] > git check-ignore -v -z --stdin [7ms]
2026-08-16 16:11:30.642 [info] > git show --textconv :README.md [10ms]
2026-08-16 16:11:30.644 [info] > git ls-files --stage -- README.md [3ms]
2026-08-16 16:11:30.655 [info] > git cat-file -s d7f1433970f7f36a6740c78baa2037c4ccc92afa [2ms]
2026-08-16 16:11:36.367 [info] > git check-ignore -v -z --stdin [7ms]
2026-08-16 16:11:36.727 [info] > git show --textconv :SECURITY.md [9ms]
2026-08-16 16:11:36.729 [info] > git ls-files --stage -- SECURITY.md [2ms]
2026-08-16 16:11:36.739 [info] > git cat-file -s f8235840f21600035d004b403e229cd696201c69 [3ms]
2026-08-16 16:15:32.507 [info] > git rev-parse --show-toplevel [2ms]
2026-08-16 16:15:32.525 [info] > git rev-parse --git-dir --git-common-dir --show-superproject-working-tree [4ms]
2026-08-16 16:15:32.876 [info] [Model][openRepository] Opened repository (path): /home/codespace
2026-08-16 16:15:32.876 [info] [Model][openRepository] Opened repository (real path): /home/codespace
2026-08-16 16:15:32.876 [info] [Model][openRepository] Opened repository (kind): repository
2026-08-16 16:15:32.903 [info] > git config --get --local core.virtualfilesystem [14ms]
2026-08-16 16:15:32.903 [warning] [Git][config] git config failed: Failed to execute git
2026-08-16 16:15:32.918 [info] [Git][getRemotes] No remotes found in the git config file
2026-08-16 16:15:32.919 [info] > git config --get commit.template [17ms]
2026-08-16 16:15:32.920 [info] > git for-each-ref --format=%(refname)%00%(upstream:short)%00%(objectname)%00%(upstream:track)%00%(upstream:remotename)%00%(upstream:remoteref) refs/heads/main refs/remotes/main [2ms]
2026-08-16 16:15:32.920 [warning] [Git][getBranch] No such branch: main
2026-08-16 16:15:32.963 [info] > git for-each-ref --sort -committerdate --format %(refname)%00%(objectname)%00%(*objectname) [1ms]
2026-08-16 16:15:33.422 [info] > git status -z -uall [486ms] (cancelled)
2026-08-16 16:15:34.613 [info] > git for-each-ref --format=%(refname)%00%(upstream:short)%00%(objectname)%00%(upstream:track)%00%(upstream:remotename)%00%(upstream:remoteref) refs/heads/main refs/remotes/main [1195ms]
2026-08-16 16:15:34.614 [warning] [Git][getBranch] No such branch: main
2026-08-16 16:15:34.614 [error] [GitHistoryProvider][resolveHEADMergeBase] Failed to resolve merge base for main: Error: No such branch: main.
2026-08-16 16:15:34.619 [info] > git config --get commit.template [6ms]
2026-08-16 16:15:34.635 [info] [Git][getRemotes] No remotes found in the git config file
2026-08-16 16:15:34.641 [info] > git for-each-ref --format=%(refname)%00%(upstream:short)%00%(objectname)%00%(upstream:track)%00%(upstream:remotename)%00%(upstream:remoteref) refs/heads/main refs/remotes/main [6ms]
2026-08-16 16:15:34.641 [warning] [Git][getBranch] No such branch: main
2026-08-16 16:15:34.673 [info] > git for-each-ref --sort -committerdate --format %(refname)%00%(objectname)%00%(*objectname) [5ms]
2026-08-16 16:15:34.917 [info] > git status -z -uall [260ms] (cancelled)
2026-08-16 16:15:37.071 [info] > git check-ignore -v -z --stdin [346ms]
2026-08-16 16:15:37.071 [info] > git check-ignore -v -z --stdin [281ms]
2026-08-16 16:15:37.914 [info] > git check-ignore -v -z --stdin [3ms]
2026-08-16 16:15:40.423 [info] > git config --local -l [3ms]
2026-08-16 16:15:40.441 [info] > git config --get --local branch.main.remote [2ms]
2026-08-16 16:15:40.441 [warning] [Git][config] git config failed: Failed to execute git
2026-08-16 16:15:40.455 [info] > git config --get --local branch.main.merge [2ms]
2026-08-16 16:15:40.455 [warning] [Git][config] git config failed: Failed to execute git
2026-08-16 16:15:40.499 [info] > git check-ignore -v -z --stdin [4ms]
2026-08-16 16:15:41.666 [info] > git check-ignore -v -z --stdin [2ms]
2026-08-16 16:16:13.986 [info] > git ls-files --stage -- SECURITY.md [2ms]
2026-08-16 16:16:13.998 [info] > git cat-file -s f8235840f21600035d004b403e229cd696201c69 [3ms]
2026-08-16 16:16:14.339 [info] > git show --textconv :SECURITY.md [3ms]
2026-08-16 16:18:20.983 [info] > git check-ignore -v -z --stdin [13ms]
2026-08-16 16:18:20.986 [info] > git check-ignore -v -z --stdin [4ms]
2026-08-16 16:18:21.932 [info] > git check-ignore -v -z --stdin [2ms]
2026-08-16 16:18:40.407 [info] > git check-ignore -v -z --stdin [5ms]
2026-08-16 16:20:10.691 [info] > git check-ignore -v -z --stdin [4ms]
2026-08-16 16:20:11.529 [info] > git check-ignore -v -z --stdin [7ms]
2026-08-16 16:20:11.911 [info] > git show --textconv :.config/composer.json [10ms]
2026-08-16 16:20:11.920 [info] > git ls-files --stage -- .config/composer.json [10ms]
2026-08-16 16:20:11.930 [info] > git hash-object -t tree /dev/null [10ms]
2026-08-16 16:20:11.930 [warning] [GitFileSystemProvider][readFile] File not found - git:/home/codespace/.config/composer.json.git?%7B%22path%22%3A%22%2Fhome%2Fcodespace%2F.config%2Fcomposer.json%22%2C%22ref%22%3A%22%22%7D
2026-08-16 16:20:11.931 [info] > git hash-object -t tree /dev/null [2ms]
2026-08-16 16:20:11.931 [warning] [GitFileSystemProvider][stat] File not found - git:/home/codespace/.config/composer.json.git?%7B%22path%22%3A%22%2Fhome%2Fcodespace%2F.config%2Fcomposer.json%22%2C%22ref%22%3A%22%22%7D
2026-08-16 16:20:40.883 [info] > git check-ignore -v -z --stdin [5ms]
2026-08-16 16:20:46.774 [info] > git check-ignore -v -z --stdin [4ms]
2026-08-16 16:20:58.168 [info] > git check-ignore -v -z --stdin [10ms]
2026-08-16 16:21:23.130 [info] > git check-ignore -v -z --stdin [6ms]
2026-08-16 16:21:23.542 [info] > git check-ignore -v -z --stdin [5ms]
2026-08-16 16:21:24.344 [info] > git check-ignore -v -z --stdin [4ms]
2026-08-16 16:21:24.713 [info] > git show --textconv :.config/composer.json [22ms]
2026-08-16 16:21:24.717 [warning] [GitFileSystemProvider][readFile] File not found - git:/home/codespace/.config/composer.json.git?%7B%22path%22%3A%22%2Fhome%2Fcodespace%2F.config%2Fcomposer.json%22%2C%22ref%22%3A%22%22%7D
2026-08-16 16:21:24.717 [info] > git ls-files --stage -- .config/composer.json [4ms]
2026-08-16 16:21:24.718 [warning] [GitFileSystemProvider][stat] File not found - git:/home/codespace/.config/composer.json.git?%7B%22path%22%3A%22%2Fhome%2Fcodespace%2F.config%2Fcomposer.json%22%2C%22ref%22%3A%22%22%7D
2026-08-16 16:21:25.772 [info] > git config --local -l [4ms]
2026-08-16 16:21:25.788 [info] > git config --get --local branch.main.remote [0ms]
2026-08-16 16:21:25.788 [warning] [Git][config] git config failed: Failed to execute git
2026-08-16 16:21:25.798 [info] > git config --get --local branch.main.merge [1ms]
2026-08-16 16:21:25.799 [warning] [Git][config] git config failed: Failed to execute git
2026-08-16 16:21:27.500 [info] > git check-ignore -v -z --stdin [4ms]
2026-08-16 16:21:27.859 [info] > git show --textconv :.config/render.yaml [10ms]
2026-08-16 16:21:27.859 [warning] [GitFileSystemProvider][readFile] File not found - git:/home/codespace/.config/render.yaml.git?%7B%22path%22%3A%22%2Fhome%2Fcodespace%2F.config%2Frender.yaml%22%2C%22ref%22%3A%22%22%7D
2026-08-16 16:21:27.862 [info] > git ls-files --stage -- .config/render.yaml [3ms]
2026-08-16 16:21:27.862 [warning] [GitFileSystemProvider][stat] File not found - git:/home/codespace/.config/render.yaml.git?%7B%22path%22%3A%22%2Fhome%2Fcodespace%2F.config%2Frender.yaml%22%2C%22ref%22%3A%22%22%7D
2026-08-16 16:21:40.795 [info] > git check-ignore -v -z --stdin [5ms]
2026-08-16 16:22:30.780 [info] > git config --get commit.template [12ms]
2026-08-16 16:22:30.781 [info] > git for-each-ref --format=%(refname)%00%(upstream:short)%00%(objectname)%00%(upstream:track)%00%(upstream:remotename)%00%(upstream:remoteref) refs/heads/master refs/remotes/master [2ms]
2026-08-16 16:22:30.790 [warning] [Git][revParse] Unable to read file: ENOENT: no such file or directory, open '/home/codespace/.oh-my-zsh/.git/refs/remotes/origin/master'
2026-08-16 16:22:30.791 [info] > git rev-parse refs/remotes/origin/master [1ms]
2026-08-16 16:22:30.814 [info] > git for-each-ref --sort -committerdate --format %(refname)%00%(objectname)%00%(*objectname) [0ms]
2026-08-16 16:22:30.818 [info] > git status -z -uall [18ms]
2026-08-16 16:22:31.886 [info] > git check-ignore -v -z --stdin [5ms]
2026-08-16 16:32:53.362 [info] > git merge-base HEAD @{upstream} [21ms]
2026-08-16 16:32:53.382 [info] > git config --get --local core.virtualfilesystem [6ms]
2026-08-16 16:32:53.382 [warning] [Git][config] git config failed: Failed to execute git
2026-08-16 16:32:53.393 [info] > git config --get --local core.sparsecheckout [2ms]
2026-08-16 16:32:53.393 [warning] [Git][config] git config failed: Failed to execute git
2026-08-16 16:32:53.455 [info] > git show -s --decorate=full --shortstat --format=%H%n%aN%n%aE%n%at%n%ct%n%P%n%D%n%B -z 8df5c1b18b1393dc5046c729094f897bd3636a9b -- [51ms]
2026-08-16 16:33:24.146 [info] > git merge-base HEAD @{upstream} [19ms]
2026-08-16 16:33:24.163 [info] > git config --get --local core.virtualfilesystem [4ms]
2026-08-16 16:33:24.163 [warning] [Git][config] git config failed: Failed to execute git
2026-08-16 16:33:24.175 [info] > git config --get --local core.sparsecheckout [2ms]
2026-08-16 16:33:24.175 [warning] [Git][config] git config failed: Failed to execute git
2026-08-16 16:33:24.227 [info] > git show -s --decorate=full --shortstat --format=%H%n%aN%n%aE%n%at%n%ct%n%P%n%D%n%B -z 8df5c1b18b1393dc5046c729094f897bd3636a9b -- [43ms]
2026-08-16 16:34:43.724 [info] [Git][getRemotes] No remotes found in the git config file
2026-08-16 16:34:43.725 [info] > git config --get commit.template [13ms]
2026-08-16 16:34:43.726 [info] > git for-each-ref --format=%(refname)%00%(upstream:short)%00%(objectname)%00%(upstream:track)%00%(upstream:remotename)%00%(upstream:remoteref) refs/heads/main refs/remotes/main [2ms]
2026-08-16 16:34:43.790 [info] > git for-each-ref --sort -committerdate --format %(refname)%00%(objectname)%00%(*objectname) [2ms]
2026-08-16 16:34:43.871 [info] > git status -z -uall [134ms]
2026-08-16 16:34:43.940 [info] > git blame --root --incremental 2d31e0e6b292518bc8b27bab34f786ed0793d4db -- .config/render.yaml [26ms]
2026-08-16 16:34:43.942 [info] > git config --local -l [16ms]
2026-08-16 16:34:43.954 [info] > git config --get --local branch.main.remote [2ms]
2026-08-16 16:34:43.954 [warning] [Git][config] git config failed: Failed to execute git
2026-08-16 16:34:43.966 [info] > git config --get --local branch.main.merge [2ms]
2026-08-16 16:34:43.966 [warning] [Git][config] git config failed: Failed to execute git
2026-08-16 16:34:45.549 [info] > git check-ignore -v -z --stdin [6ms]
2026-08-16 16:34:58.727 [info] > git config --get commit.template [12ms]
2026-08-16 16:34:58.728 [info] [Git][getRemotes] No remotes found in the git config file
2026-08-16 16:34:58.729 [info] > git for-each-ref --format=%(refname)%00%(upstream:short)%00%(objectname)%00%(upstream:track)%00%(upstream:remotename)%00%(upstream:remoteref) refs/heads/main refs/remotes/main [2ms]
2026-08-16 16:34:58.789 [info] > git for-each-ref --sort -committerdate --format %(refname)%00%(objectname)%00%(*objectname) [4ms]
2026-08-16 16:34:58.862 [info] > git status -z -uall [124ms]
2026-08-16 16:34:58.891 [info] > git blame --root --incremental 062d31a25f301d93f0c6ef9cc3f6ca4aaae42a2f -- .config/render.yaml [12ms]
2026-08-16 16:34:58.893 [info] > git config --local -l [3ms]
2026-08-16 16:34:58.947 [info] > git config --get --local branch.main.remote [45ms]
2026-08-16 16:34:58.947 [warning] [Git][config] git config failed: Failed to execute git
2026-08-16 16:34:58.959 [info] > git config --get --local branch.main.merge [3ms]
2026-08-16 16:34:58.959 [warning] [Git][config] git config failed: Failed to execute git
2026-08-16 16:34:59.845 [info] > git check-ignore -v -z --stdin [3ms]
2026-08-16 16:37:34.625 [info] > git merge-base HEAD @{upstream} [2ms]
2026-08-16 16:37:34.637 [info] > git config --get --local core.virtualfilesystem [2ms]
2026-08-16 16:37:34.638 [warning] [Git][config] git config failed: Failed to execute git
2026-08-16 16:37:34.649 [info] > git config --get --local core.sparsecheckout [1ms]
2026-08-16 16:37:34.649 [warning] [Git][config] git config failed: Failed to execute git
2026-08-16 16:37:34.710 [info] > git show -s --decorate=full --shortstat --format=%H%n%aN%n%aE%n%at%n%ct%n%P%n%D%n%B -z 8df5c1b18b1393dc5046c729094f897bd3636a9b -- [48ms]
2026-08-16 16:40:31.406 [info] [Git][getRemotes] No remotes found in the git config file
2026-08-16 16:40:31.408 [info] > git config --get commit.template [13ms]
2026-08-16 16:40:31.408 [info] > git for-each-ref --format=%(refname)%00%(upstream:short)%00%(objectname)%00%(upstream:track)%00%(upstream:remotename)%00%(upstream:remoteref) refs/heads/main refs/remotes/main [2ms]
2026-08-16 16:40:31.465 [info] > git for-each-ref --sort -committerdate --format %(refname)%00%(objectname)%00%(*objectname) [5ms]
2026-08-16 16:40:31.525 [info] > git status -z -uall [108ms]
2026-08-16 16:40:32.518 [info] > git check-ignore -v -z --stdin [4ms]
2026-08-16 16:40:36.546 [info] [Git][getRemotes] No remotes found in the git config file
2026-08-16 16:40:36.547 [info] > git config --get commit.template [9ms]
2026-08-16 16:40:36.549 [info] > git for-each-ref --format=%(refname)%00%(upstream:short)%00%(objectname)%00%(upstream:track)%00%(upstream:remotename)%00%(upstream:remoteref) refs/heads/main refs/remotes/main [3ms]
2026-08-16 16:40:36.614 [info] > git for-each-ref --sort -committerdate --format %(refname)%00%(objectname)%00%(*objectname) [0ms]
2026-08-16 16:40:36.664 [info] > git status -z -uall [107ms]
2026-08-16 16:40:41.630 [info] > git merge-base HEAD @{upstream} [57ms]
2026-08-16 16:40:41.646 [info] > git config --get --local core.virtualfilesystem [5ms]
2026-08-16 16:40:41.646 [warning] [Git][config] git config failed: Failed to execute git
2026-08-16 16:40:41.657 [info] > git config --get --local core.sparsecheckout [1ms]
2026-08-16 16:40:41.657 [warning] [Git][config] git config failed: Failed to execute git
2026-08-16 16:40:41.696 [info] [Git][getRemotes] No remotes found in the git config file
2026-08-16 16:40:41.696 [info] > git config --get commit.template [17ms]
2026-08-16 16:40:41.698 [info] > git for-each-ref --format=%(refname)%00%(upstream:short)%00%(objectname)%00%(upstream:track)%00%(upstream:remotename)%00%(upstream:remoteref) refs/heads/main refs/remotes/main [2ms]
2026-08-16 16:40:41.796 [info] > git for-each-ref --sort -committerdate --format %(refname)%00%(objectname)%00%(*objectname) [22ms]
2026-08-16 16:40:41.797 [info] > git show -s --decorate=full --shortstat --format=%H%n%aN%n%aE%n%at%n%ct%n%P%n%D%n%B -z 8df5c1b18b1393dc5046c729094f897bd3636a9b -- [131ms]
2026-08-16 16:40:41.839 [info] > git status -z -uall [129ms]
2026-08-16 16:41:11.193 [info] > git config --local -l [2ms]
2026-08-16 16:41:11.204 [info] > git config --get --local branch.main.remote [2ms]
2026-08-16 16:41:11.204 [warning] [Git][config] git config failed: Failed to execute git
2026-08-16 16:41:11.214 [info] > git config --get --local branch.main.merge [2ms]
2026-08-16 16:41:11.214 [warning] [Git][config] git config failed: Failed to execute git
2026-08-16 16:41:22.159 [info] > git config --local -l [2ms]
2026-08-16 16:41:22.500 [info] > git config --local -l [1ms]
2026-08-16 16:41:43.416 [info] > git config --get commit.template [12ms]
2026-08-16 16:41:43.417 [info] > git for-each-ref --format=%(refname)%00%(upstream:short)%00%(objectname)%00%(upstream:track)%00%(upstream:remotename)%00%(upstream:remoteref) refs/heads/main refs/remotes/main [2ms]
2026-08-16 16:41:43.497 [info] > git for-each-ref --sort -committerdate --format %(refname)%00%(objectname)%00%(*objectname) [1ms]
2026-08-16 16:41:43.562 [info] > git status -z -uall [136ms]
2026-08-16 16:41:43.590 [info] > git blame --root --incremental 82c9fc04e029aaa51f95e2bcb484e3c1521fdd88 -- .config/render.yaml [11ms]
2026-08-16 16:41:43.591 [info] > git config --local -l [3ms]
2026-08-16 16:41:44.599 [info] > git config --local -l [0ms]
2026-08-16 16:41:44.619 [info] > git config --get --local branch.main.remote [1ms]
2026-08-16 16:41:44.619 [warning] [Git][config] git config failed: Failed to execute git
2026-08-16 16:41:44.643 [info] > git config --get --local branch.main.merge [6ms]
2026-08-16 16:41:44.643 [warning] [Git][config] git config failed: Failed to execute git
2026-08-16 16:41:48.615 [info] > git config --get commit.template [10ms]
2026-08-16 16:41:48.616 [info] > git for-each-ref --format=%(refname)%00%(upstream:short)%00%(objectname)%00%(upstream:track)%00%(upstream:remotename)%00%(upstream:remoteref) refs/heads/main refs/remotes/main [2ms]
2026-08-16 16:41:48.688 [info] > git for-each-ref --sort -committerdate --format %(refname)%00%(objectname)%00%(*objectname) [14ms]
2026-08-16 16:41:48.732 [info] > git status -z -uall [107ms]
2026-08-16 16:41:53.756 [info] > git config --get commit.template [10ms]
2026-08-16 16:41:53.757 [info] > git for-each-ref --format=%(refname)%00%(upstream:short)%00%(objectname)%00%(upstream:track)%00%(upstream:remotename)%00%(upstream:remoteref) refs/heads/main refs/remotes/main [2ms]
2026-08-16 16:41:53.824 [info] > git for-each-ref --sort -committerdate --format %(refname)%00%(objectname)%00%(*objectname) [5ms]
2026-08-16 16:41:53.872 [info] > git status -z -uall [104ms]
2026-08-16 16:42:12.445 [info] > git config --get commit.template [14ms]
2026-08-16 16:42:12.445 [info] > git for-each-ref --format=%(refname)%00%(upstream:short)%00%(objectname)%00%(upstream:track)%00%(upstream:remotename)%00%(upstream:remoteref) refs/heads/main refs/remotes/main [3ms]
2026-08-16 16:42:12.502 [info] > git for-each-ref --sort -committerdate --format %(refname)%00%(objectname)%00%(*objectname) [17ms]
2026-08-16 16:42:12.593 [info] > git status -z -uall [139ms]
2026-08-16 16:47:04.281 [info] > git config --get commit.template [12ms]
2026-08-16 16:47:04.282 [info] > git for-each-ref --format=%(refname)%00%(upstream:short)%00%(objectname)%00%(upstream:track)%00%(upstream:remotename)%00%(upstream:remoteref) refs/heads/main refs/remotes/main [2ms]
2026-08-16 16:47:04.341 [info] > git for-each-ref --sort -committerdate --format %(refname)%00%(objectname)%00%(*objectname) [3ms]
2026-08-16 16:47:04.392 [info] > git status -z -uall [101ms]
2026-08-16 16:47:09.416 [info] > git config --get commit.template [10ms]
2026-08-16 16:47:09.417 [info] > git for-each-ref --format=%(refname)%00%(upstream:short)%00%(objectname)%00%(upstream:track)%00%(upstream:remotename)%00%(upstream:remoteref) refs/heads/main refs/remotes/main [2ms]
2026-08-16 16:47:09.477 [info] > git for-each-ref --sort -committerdate --format %(refname)%00%(objectname)%00%(*objectname) [5ms]
2026-08-16 16:47:09.526 [info] > git status -z -uall [101ms]
2026-08-16 16:47:46.902 [info] > git config --get commit.template [10ms]
2026-08-16 16:47:46.904 [info] > git for-each-ref --format=%(refname)%00%(upstream:short)%00%(objectname)%00%(upstream:track)%00%(upstream:remotename)%00%(upstream:remoteref) refs/heads/main refs/remotes/main [1ms]
2026-08-16 16:47:46.965 [info] > git for-each-ref --sort -committerdate --format %(refname)%00%(objectname)%00%(*objectname) [3ms]
2026-08-16 16:47:47.020 [info] > git status -z -uall [108ms]
2026-08-16 16:47:51.674 [info] > git merge-base HEAD @{upstream} [17ms]
2026-08-16 16:47:51.674 [info] fatal: no upstream configured for branch 'main'
2026-08-16 16:47:51.675 [info] > git merge-base HEAD @{upstream} [28ms]
2026-08-16 16:47:51.688 [info] > git config --get --local core.virtualfilesystem [2ms]
2026-08-16 16:47:51.688 [warning] [Git][config] git config failed: Failed to execute git
2026-08-16 16:47:51.707 [info] > git config --get --local core.sparsecheckout [10ms]
2026-08-16 16:47:51.707 [warning] [Git][config] git config failed: Failed to execute git
2026-08-16 16:47:51.717 [info] > git config --get --local branch.main.vscode-merge-base [10ms]
2026-08-16 16:47:51.717 [warning] [Git][config] git config failed: Failed to execute git
2026-08-16 16:47:51.732 [info] > git reflog HEAD --grep-reflog=branch: Created from *. [3ms]
2026-08-16 16:47:51.748 [info] > git symbolic-ref --short refs/remotes/origin/HEAD [1ms]
2026-08-16 16:47:51.748 [info] fatal: ref refs/remotes/origin/HEAD is not a symbolic ref
2026-08-16 16:47:51.749 [warning] [Repository][getDefaultBranch] Failed to get default branch details: Failed to execute git.
2026-08-16 16:47:51.773 [info] > git show -s --decorate=full --shortstat --format=%H%n%aN%n%aE%n%at%n%ct%n%P%n%D%n%B -z 8df5c1b18b1393dc5046c729094f897bd3636a9b -- [56ms]
