2026-08-16 14:14:10.072 [info] [main] Log level: Info
2026-08-16 14:14:10.072 [info] [main] Validating found git in: "git"
2026-08-16 14:14:10.072 [info] [main] Using git "2.53.0" from "git"
2026-08-16 14:14:10.072 [info] [Model][doInitialScan] Initial repository scan started
2026-08-16 14:14:10.072 [info] > git rev-parse --show-toplevel [3ms]
2026-08-16 14:14:10.072 [info] > git rev-parse --git-dir --git-common-dir --show-superproject-working-tree [6ms]
2026-08-16 14:14:10.169 [info] [Model][openRepository] Opened repository (path): /workspaces/AQUA
2026-08-16 14:14:10.169 [info] [Model][openRepository] Opened repository (real path): /workspaces/AQUA
2026-08-16 14:14:10.169 [info] [Model][openRepository] Opened repository (kind): repository
2026-08-16 14:14:10.182 [info] [Model][doInitialScan] Initial repository scan completed - repositories (1), closed repositories (0), parent repositories (0), unsafe repositories (0)
2026-08-16 14:14:10.189 [info] > git config --get --local core.virtualfilesystem [9ms]
2026-08-16 14:14:10.190 [warning] [Git][config] git config failed: Failed to execute git
2026-08-16 14:14:10.191 [info] > git config --get commit.template [2ms]
2026-08-16 14:14:10.200 [info] > git for-each-ref --format=%(refname)%00%(upstream:short)%00%(objectname)%00%(upstream:track)%00%(upstream:remotename)%00%(upstream:remoteref) refs/heads/main refs/remotes/main [2ms]
2026-08-16 14:14:10.206 [warning] [Git][revParse] Unable to read file: ENOENT: no such file or directory, open '/workspaces/AQUA/.git/refs/remotes/origin/main'
2026-08-16 14:14:10.207 [info] > git rev-parse refs/remotes/origin/main [1ms]
2026-08-16 14:14:10.224 [info] > git status -z -uall [10ms]
2026-08-16 14:14:10.227 [info] > git for-each-ref --sort -committerdate --format %(refname)%00%(objectname)%00%(*objectname) [4ms]
2026-08-16 14:14:10.255 [info] > git for-each-ref --format=%(refname)%00%(upstream:short)%00%(objectname)%00%(upstream:track)%00%(upstream:remotename)%00%(upstream:remoteref) refs/heads/main refs/remotes/main [11ms]
2026-08-16 14:14:10.264 [info] > git config --get commit.template [9ms]
2026-08-16 14:14:10.274 [info] > git config --get --local branch.main.vscode-merge-base [11ms]
2026-08-16 14:14:10.291 [info] > git for-each-ref --format=%(refname)%00%(upstream:short)%00%(objectname)%00%(upstream:track)%00%(upstream:remotename)%00%(upstream:remoteref) refs/heads/main refs/remotes/main [20ms]
2026-08-16 14:14:10.299 [warning] [Git][revParse] Unable to read file: ENOENT: no such file or directory, open '/workspaces/AQUA/.git/refs/remotes/origin/main'
2026-08-16 14:14:10.299 [info] > git for-each-ref --format=%(refname)%00%(upstream:short)%00%(objectname)%00%(upstream:track)%00%(upstream:remotename)%00%(upstream:remoteref) refs/heads/origin/main refs/remotes/origin/main [16ms]
2026-08-16 14:14:10.308 [info] > git rev-parse refs/remotes/origin/main [9ms]
2026-08-16 14:14:10.322 [info] > git status -z -uall [7ms]
2026-08-16 14:14:10.323 [info] > git merge-base refs/heads/main refs/remotes/origin/main [16ms]
2026-08-16 14:14:10.331 [info] > git for-each-ref --sort -committerdate --format %(refname)%00%(objectname)%00%(*objectname) [10ms]
2026-08-16 14:14:10.341 [info] > git diff --raw --numstat --diff-filter=ADMR -z --find-renames=50% b19e178f4673869f95f0d7bf69d10e76fcea04b5...refs/remotes/origin/main -- [10ms]
2026-08-16 14:14:10.342 [info] > git merge-base refs/heads/main refs/remotes/origin/main [4ms]
2026-08-16 14:14:10.351 [info] > git diff --raw --numstat --diff-filter=ADMR -z --find-renames=50% b19e178f4673869f95f0d7bf69d10e76fcea04b5...refs/remotes/origin/main -- [3ms]
2026-08-16 14:14:11.084 [info] > git check-ignore -v -z --stdin [2ms]
2026-08-16 14:14:13.672 [info] > git config --local -l [2ms]
2026-08-16 14:14:14.043 [info] > git config --local -l [5ms]
2026-08-16 14:14:14.044 [info] > git config --local -l [13ms]
2026-08-16 14:14:14.044 [info] > git config --local -l [20ms]
2026-08-16 14:14:14.044 [info] > git config --local -l [27ms]
2026-08-16 14:14:14.089 [info] > git config --local -l [11ms]
2026-08-16 14:14:14.089 [info] > git config --local -l [18ms]
2026-08-16 14:14:14.089 [info] > git config --local -l [24ms]
2026-08-16 14:14:14.090 [info] > git config --local -l [32ms]
2026-08-16 14:14:14.090 [info] > git config --local -l [4ms]
